// Jest Snapshot v1, https://goo.gl/fbAQLP

exports[`serialize button to html 1`] = `"<div data-prop=\\"W3sidHlwZSI6Im1keEF0dHJpYnV0ZSIsIm5hbWUiOiJ0byIsInZhbHVlIjoiL2RvY3MvYWdlbnRzL2Mtc2RrL3RhYmxlLW9mLWNvbnRlbnRzIn0seyJ0eXBlIjoibWR4QXR0cmlidXRlIiwibmFtZSI6InZhcmlhbnQiLCJ2YWx1ZSI6Im5vcm1hbCJ9XQ==\\" data-component=\\"ButtonLink\\"><p>View all C SDK docs</p></div>"`;
